Microsoft Windows [Version 10.0.19043.1526]
(c) Microsoft Corporation. All rights reserved.

D:\User\Documents\Melo\material-dashboard-react-main(1)\material-dashboard-react-main>npm run
Lifecycle scripts included in material-dashboard-2-react:
  start
    react-scripts start
  test
    react-scripts test

available via `npm run-script`:
  build
    react-scripts build
  eject
    react-scripts eject
  install:clean
    rm -rf node_modules/ && rm -rf package-lock.json && npm install && npm start

D:\User\Documents\Melo\material-dashboard-react-main(1)\material-dashboard-react-main>npm run build

> material-dashboard-2-react@2.1.0 build D:\User\Documents\Melo\material-dashboard-react-main(1)\material-dashboard-react-main
> react-scripts build

Creating an optimized production build...
[BABEL] Note: The code generator has deoptimised the styling of D:\User\Documents\Melo\material-dashboard-react-main(1)\material-dashboard-react-main\src\assets\images\illustrations\pattern-tree.svg as it exceeds the max of 500KB.
[BABEL] Note: The code generator has deoptimised the styling of undefined as it exceeds the max of 500KB.
Compiled with warnings.

Failed to parse source map from 'D:\User\Documents\Melo\material-dashboard-react-main(1)\material-dashboard-react-main\node_modules\stylis-plugin-rtl\src\stylis-rtl.ts' file: Error: ENOENT: no such file or directory, open 'D:\User\Documents\Melo\material-dashboard-react-main(1)\material-dashboard-react-main\node_modules\stylis-plugin-rtl\src\stylis-rtl.ts'

Search for the keywords to learn more about each warning.
To ignore, add // eslint-disable-next-line to the line before.

File sizes after gzip:

  319.02 kB  build\static\js\main.01860569.js

The project was built assuming it is hosted at /.
You can control this with the homepage field in your package.json.

The build folder is ready to be deployed.
You may serve it with a static server:

  npm install -g serve
  serve -s build

Find out more about deployment here:

  https://cra.link/deployment


D:\User\Documents\Melo\material-dashboard-react-main(1)\material-dashboard-react-main>npm install -g serve
C:\Users\kitty\AppData\Roaming\npm\serve -> C:\Users\kitty\AppData\Roaming\npm\node_modules\serve\bin\serve.js
+ serve@13.0.2
added 90 packages from 40 contributors in 8.979s

D:\User\Documents\Melo\material-dashboard-react-main(1)\material-dashboard-react-main>npm run
Lifecycle scripts included in material-dashboard-2-react:
  start
    react-scripts start
  test
    react-scripts test

available via `npm run-script`:
  build
    react-scripts build
  eject
    react-scripts eject
  install:clean
    rm -rf node_modules/ && rm -rf package-lock.json && npm install && npm start

D:\User\Documents\Melo\material-dashboard-react-main(1)\material-dashboard-react-main>npm start

> material-dashboard-2-react@2.1.0 start D:\User\Documents\Melo\material-dashboard-react-main(1)\material-dashboard-react-main
> react-scripts start

(node:7640) [DEP_WEBPACK_DEV_SERVER_ON_AFTER_SETUP_MIDDLEWARE] DeprecationWarning: 'onAfterSetupMiddleware' option is deprecated. Please use the 'setupMiddlewares' option.
(Use `node --trace-deprecation ...` to show where the warning was created)
(node:7640) [DEP_WEBPACK_DEV_SERVER_ON_BEFORE_SETUP_MIDDLEWARE] DeprecationWarning: 'onBeforeSetupMiddleware' option is deprecated. Please use the 'setupMiddlewares' option.
Starting the development server...

[BABEL] Note: The code generator has deoptimised the styling of D:\User\Documents\Melo\material-dashboard-react-main(1)\material-dashboard-react-main\src\assets\images\illustrations\pattern-tree.svg as it exceeds the max of 500KB.
[BABEL] Note: The code generator has deoptimised the styling of undefined as it exceeds the max of 500KB.
Compiled with warnings.

Failed to parse source map from 'D:\User\Documents\Melo\material-dashboard-react-main(1)\material-dashboard-react-main\node_modules\stylis-plugin-rtl\src\stylis-rtl.ts' file: Error: ENOENT: no such file or directory, open 'D:\User\Documents\Melo\material-dashboard-react-main(1)\material-dashboard-react-main\node_modules\stylis-plugin-rtl\src\stylis-rtl.ts'

Search for the keywords to learn more about each warning.
To ignore, add // eslint-disable-next-line to the line before.

assets by path static/media/ 6.14 MiB
  assets by info 4.45 MiB [immutable]
    assets by path static/media/*.jpg 3.21 MiB 11 assets
    assets by path static/media/*.jpeg 1.15 MiB 4 assets
    assets by path static/media/*.png 86.1 KiB 2 assets
  assets by path static/media/*.svg 1.7 MiB
    asset static/media/pattern-tree.156bb943ac7fd244f10c115d085e085e.svg 1.68 MiB [emitted] (auxiliary name: main)
    asset static/media/github.067f80f311bc16bd0d1216457d09bdb3.svg 4.03 KiB [emitted] (auxiliary name: main)
    asset static/media/logo-slack.7c47c5aa474b5c4fb39fcf05ffb8e4e7.svg 3.12 KiB [emitted] (auxiliary name: main)
    asset static/media/logo-xd.6e37886f94dba0c2967ece68a152e30c.svg 3 KiB [emitted] (auxiliary name: main)
    + 5 assets
asset static/js/bundle.js 7.31 MiB [emitted] (name: main) 1 related asset
asset asset-manifest.json 2.54 KiB [emitted]
asset index.html 1.66 KiB [emitted]
orphan modules 744 KiB [orphan] 424 modules
runtime modules 29.4 KiB 15 modules
javascript modules 5.92 MiB
  modules by path ./node_modules/ 3.33 MiB 649 modules
  modules by path ./src/ 2.6 MiB 235 modules
asset modules 17.4 KiB (javascript) 4.45 MiB (asset)
  modules by path ./src/assets/images/*.jpg 462 bytes (javascript) 3.21 MiB (asset) 11 modules
  modules by path ./src/assets/images/*.jpeg 168 bytes (javascript) 1.15 MiB (asset) 4 modules
  modules by path ./src/assets/images/*.png 16.7 KiB
    ./src/assets/images/logo-ct.png 7.57 KiB [built] [code generated]
    ./src/assets/images/logo-ct-dark.png 9.14 KiB [built] [code generated]
  modules by path ./src/assets/images/logos/*.png 84 bytes (javascript) 86.1 KiB (asset)
    ./src/assets/images/logos/mastercard.png 42 bytes (javascript) 41 KiB (asset) [built] [code generated]
    ./src/assets/images/logos/visa.png 42 bytes (javascript) 45.1 KiB (asset) [built] [code generated]

WARNING in ./node_modules/stylis-plugin-rtl/dist/stylis-rtl.js
Module Warning (from ./node_modules/source-map-loader/dist/cjs.js):
Failed to parse source map from 'D:\User\Documents\Melo\material-dashboard-react-main(1)\material-dashboard-react-main\node_modules\stylis-plugin-rtl\src\stylis-rtl.ts' file: Error: ENOENT: no such file or directory, open 'D:\User\Documents\Melo\material-dashboard-react-main(1)\material-dashboard-react-main\node_modules\stylis-plugin-rtl\src\stylis-rtl.ts'
 @ ./src/App.js 39:0-42 74:22-31
 @ ./src/index.js 22:0-22 28:35-38

1 warning has detailed information that is not shown.
Use 'stats.errorDetails: true' resp. '--stats-error-details' to show it.

webpack 5.69.0 compiled with 1 warning in 38803 ms
